---
source: crates/muropeptide/src/smiles_database.rs
expression: dump
---
A:
    Stem(1) -> L     (N[C@@H](C)C(O)=O)
    Stem(2) -> L     (N[C@@H](C)C(O)=O)
    Stem(3) -> L     (N[C@@H](C)C(O)=O)
    Stem(4) -> D     (N[C@H](C)C(O)=O)
    Stem(5) -> D     (N[C@H](C)C(O)=O)
    Lateral -> L     (N[C@@H](C)C(O)=O)
B:
    Stem(1) -> L     (N[C@@H](CCN)C(O)=O)
    Stem(2) -> L     (N[C@@H](CCN)C(O)=O)
    Stem(3) -> L     (N[C@@H](CCN)C(O)=O)
    Stem(4) -> D     (N[C@H](CCN)C(O)=O)
    Stem(5) -> D     (N[C@H](CCN)C(O)=O)
    Lateral -> D     (N[C@H](CCN)C(O)=O)
C:
    Stem(1) -> L     (N[C@@H](CS)C(O)=O)
    Stem(2) -> L     (N[C@@H](CS)C(O)=O)
    Stem(3) -> L     (N[C@@H](CS)C(O)=O)
    Stem(4) -> D     (N[C@H](CS)C(O)=O)
    Stem(5) -> D     (N[C@H](CS)C(O)=O)
    Lateral -> L     (N[C@@H](CS)C(O)=O)
D:
    Stem(1) -> L     (N[C@@H](CC(=O)O)C(O)=O)
    Stem(2) -> L     (N[C@@H](CC(=O)O)C(O)=O)
    Stem(3) -> L     (N[C@@H](CC(=O)O)C(O)=O)
    Stem(4) -> D     (N[C@H](CC(=O)O)C(O)=O)
    Stem(5) -> D     (N[C@H](CC(=O)O)C(O)=O)
    Lateral -> D     (N[C@H](CC(=O)O)C(O)=O)
E:
    Stem(1) -> L     (N[C@@H](CCC(=O)O)C(O)=O)
    Stem(2) -> D-iso (N[C@@H](C(=O)O)CCC(O)=O)
    Stem(3) -> L     (N[C@@H](CCC(=O)O)C(O)=O)
    Stem(4) -> D     (N[C@H](CCC(=O)O)C(O)=O)
    Stem(5) -> D     (N[C@H](CCC(=O)O)C(O)=O)
    Lateral -> L     (N[C@@H](CCC(=O)O)C(O)=O)
F:
    Stem(1) -> L     (N[C@@H](Cc1ccccc1)C(O)=O)
    Stem(2) -> L     (N[C@@H](Cc1ccccc1)C(O)=O)
    Stem(3) -> L     (N[C@@H](Cc1ccccc1)C(O)=O)
    Stem(4) -> D     (N[C@H](Cc1ccccc1)C(O)=O)
    Stem(5) -> D     (N[C@H](Cc1ccccc1)C(O)=O)
    Lateral -> L     (N[C@@H](Cc1ccccc1)C(O)=O)
G:
    Stem(1) -> L/D   (NCC(O)=O)
    Stem(2) -> L/D   (NCC(O)=O)
    Stem(3) -> L/D   (NCC(O)=O)
    Stem(4) -> L/D   (NCC(O)=O)
    Stem(5) -> L/D   (NCC(O)=O)
    Lateral -> L/D   (NCC(O)=O)
H:
    Stem(1) -> L     (N[C@@H](Cc1nc[nH]c1)C(O)=O)
    Stem(2) -> L     (N[C@@H](Cc1nc[nH]c1)C(O)=O)
    Stem(3) -> L     (N[C@@H](Cc1nc[nH]c1)C(O)=O)
    Stem(4) -> D     (N[C@H](Cc1nc[nH]c1)C(O)=O)
    Stem(5) -> D     (N[C@H](Cc1nc[nH]c1)C(O)=O)
    Lateral -> L     (N[C@@H](Cc1nc[nH]c1)C(O)=O)
I:
    Stem(1) -> L     (N[C@@H]([C@H](CC)C)C(O)=O)
    Stem(2) -> L     (N[C@@H]([C@H](CC)C)C(O)=O)
    Stem(3) -> L     (N[C@@H]([C@H](CC)C)C(O)=O)
    Stem(4) -> D     (N[C@H]([C@@H](CC)C)C(O)=O)
    Stem(5) -> D     (N[C@H]([C@@H](CC)C)C(O)=O)
    Lateral -> L     (N[C@@H]([C@H](CC)C)C(O)=O)
J:
    Stem(1) -> meso  (N[C@@H](CCC[C@@H](N)C(=O)O)C(O)=O)
    Stem(2) -> meso  (N[C@@H](CCC[C@@H](N)C(=O)O)C(O)=O)
    Stem(3) -> meso  (N[C@@H](CCC[C@@H](N)C(=O)O)C(O)=O)
    Stem(4) -> meso  (N[C@@H](CCC[C@@H](N)C(=O)O)C(O)=O)
    Stem(5) -> meso  (N[C@@H](CCC[C@@H](N)C(=O)O)C(O)=O)
    Lateral -> meso  (N[C@@H](CCC[C@@H](N)C(=O)O)C(O)=O)
K:
    Stem(1) -> L     (N[C@@H](CCCCN)C(O)=O)
    Stem(2) -> L     (N[C@@H](CCCCN)C(O)=O)
    Stem(3) -> L     (N[C@@H](CCCCN)C(O)=O)
    Stem(4) -> D     (N[C@H](CCCCN)C(O)=O)
    Stem(5) -> D     (N[C@H](CCCCN)C(O)=O)
    Lateral -> L     (N[C@@H](CCCCN)C(O)=O)
L:
    Stem(1) -> L     (N[C@@H](CC(C)(C))C(O)=O)
    Stem(2) -> L     (N[C@@H](CC(C)(C))C(O)=O)
    Stem(3) -> L     (N[C@@H](CC(C)(C))C(O)=O)
    Stem(4) -> D     (N[C@H](CC(C)(C))C(O)=O)
    Stem(5) -> D     (N[C@H](CC(C)(C))C(O)=O)
    Lateral -> L     (N[C@@H](CC(C)(C))C(O)=O)
M:
    Stem(1) -> L     (N[C@@H](CCSC)C(O)=O)
    Stem(2) -> L     (N[C@@H](CCSC)C(O)=O)
    Stem(3) -> L     (N[C@@H](CCSC)C(O)=O)
    Stem(4) -> D     (N[C@H](CCSC)C(O)=O)
    Stem(5) -> D     (N[C@H](CCSC)C(O)=O)
    Lateral -> L     (N[C@@H](CCSC)C(O)=O)
N:
    Stem(1) -> L     (N[C@@H](CC(=O)N)C(O)=O)
    Stem(2) -> L     (N[C@@H](CC(=O)N)C(O)=O)
    Stem(3) -> L     (N[C@@H](CC(=O)N)C(O)=O)
    Stem(4) -> D     (N[C@H](CC(=O)N)C(O)=O)
    Stem(5) -> D     (N[C@H](CC(=O)N)C(O)=O)
    Lateral -> D     (N[C@H](CC(=O)N)C(O)=O)
O:
    Stem(1) -> L     (N[C@@H](CCCN)C(O)=O)
    Stem(2) -> L     (N[C@@H](CCCN)C(O)=O)
    Stem(3) -> L     (N[C@@H](CCCN)C(O)=O)
    Stem(4) -> D     (N[C@H](CCCN)C(O)=O)
    Stem(5) -> D     (N[C@H](CCCN)C(O)=O)
    Lateral -> L     (N[C@@H](CCCN)C(O)=O)
P:
    Stem(1) -> L     (N1[C@@H](CCC1)C(O)=O)
    Stem(2) -> L     (N1[C@@H](CCC1)C(O)=O)
    Stem(3) -> L     (N1[C@@H](CCC1)C(O)=O)
    Stem(4) -> D     (N1[C@H](CCC1)C(O)=O)
    Stem(5) -> D     (N1[C@H](CCC1)C(O)=O)
    Lateral -> L     (N1[C@@H](CCC1)C(O)=O)
Q:
    Stem(1) -> L     (N[C@@H](CCC(=O)N)C(O)=O)
    Stem(2) -> D-iso (N[C@@H](C(=O)N)CCC(O)=O)
    Stem(3) -> L     (N[C@@H](CCC(=O)N)C(O)=O)
    Stem(4) -> D     (N[C@H](CCC(=O)N)C(O)=O)
    Stem(5) -> D     (N[C@H](CCC(=O)N)C(O)=O)
    Lateral -> L     (N[C@@H](CCC(=O)N)C(O)=O)
R:
    Stem(1) -> L     (N[C@@H](CCCNC(=N)N)C(O)=O)
    Stem(2) -> L     (N[C@@H](CCCNC(=N)N)C(O)=O)
    Stem(3) -> L     (N[C@@H](CCCNC(=N)N)C(O)=O)
    Stem(4) -> D     (N[C@H](CCCNC(=N)N)C(O)=O)
    Stem(5) -> D     (N[C@H](CCCNC(=N)N)C(O)=O)
    Lateral -> L     (N[C@@H](CCCNC(=N)N)C(O)=O)
S:
    Stem(1) -> L     (N[C@@H](CO)C(O)=O)
    Stem(2) -> L     (N[C@@H](CO)C(O)=O)
    Stem(3) -> L     (N[C@@H](CO)C(O)=O)
    Stem(4) -> D     (N[C@H](CO)C(O)=O)
    Stem(5) -> D     (N[C@H](CO)C(O)=O)
    Lateral -> L     (N[C@@H](CO)C(O)=O)
T:
    Stem(1) -> L     (N[C@@H]([C@@H](C)O)C(O)=O)
    Stem(2) -> L     (N[C@@H]([C@@H](C)O)C(O)=O)
    Stem(3) -> L     (N[C@@H]([C@@H](C)O)C(O)=O)
    Stem(4) -> D     (N[C@H]([C@H](C)O)C(O)=O)
    Stem(5) -> D     (N[C@H]([C@H](C)O)C(O)=O)
    Lateral -> L     (N[C@@H]([C@@H](C)O)C(O)=O)
U:
    Stem(1) -> L     (N[C@@H](CCO)C(O)=O)
    Stem(2) -> L     (N[C@@H](CCO)C(O)=O)
    Stem(3) -> L     (N[C@@H](CCO)C(O)=O)
    Stem(4) -> D     (N[C@H](CCO)C(O)=O)
    Stem(5) -> D     (N[C@H](CCO)C(O)=O)
    Lateral -> L     (N[C@@H](CCO)C(O)=O)
V:
    Stem(1) -> L     (N[C@@H](C(C)C)C(O)=O)
    Stem(2) -> L     (N[C@@H](C(C)C)C(O)=O)
    Stem(3) -> L     (N[C@@H](C(C)C)C(O)=O)
    Stem(4) -> D     (N[C@H](C(C)C)C(O)=O)
    Stem(5) -> D     (N[C@H](C(C)C)C(O)=O)
    Lateral -> L     (N[C@@H](C(C)C)C(O)=O)
W:
    Stem(1) -> L     (N[C@@H](Cc1c2c(cccc2)nc1)C(O)=O)
    Stem(2) -> L     (N[C@@H](Cc1c2c(cccc2)nc1)C(O)=O)
    Stem(3) -> L     (N[C@@H](Cc1c2c(cccc2)nc1)C(O)=O)
    Stem(4) -> D     (N[C@H](Cc1c2c(cccc2)nc1)C(O)=O)
    Stem(5) -> D     (N[C@H](Cc1c2c(cccc2)nc1)C(O)=O)
    Lateral -> L     (N[C@@H](Cc1c2c(cccc2)nc1)C(O)=O)
Y:
    Stem(1) -> L     (N[C@@H](Cc1ccc(O)cc1)C(O)=O)
    Stem(2) -> L     (N[C@@H](Cc1ccc(O)cc1)C(O)=O)
    Stem(3) -> L     (N[C@@H](Cc1ccc(O)cc1)C(O)=O)
    Stem(4) -> D     (N[C@H](Cc1ccc(O)cc1)C(O)=O)
    Stem(5) -> D     (N[C@H](Cc1ccc(O)cc1)C(O)=O)
    Lateral -> L     (N[C@@H](Cc1ccc(O)cc1)C(O)=O)
Z:
    Stem(1) -> L     (N[C@@H]([C@H](O)CC(=O)O)C(O)=O)
    Stem(2) -> D-iso (N[C@@H](C(=O)O)[C@@H](O)CC(O)=O)
    Stem(3) -> L     (N[C@@H]([C@H](O)CC(=O)O)C(O)=O)
    Stem(4) -> D     (N[C@H]([C@@H](O)CC(=O)O)C(O)=O)
    Stem(5) -> D     (N[C@H]([C@@H](O)CC(=O)O)C(O)=O)
    Lateral -> L     (N[C@@H]([C@H](O)CC(=O)O)C(O)=O)
g:
    Stem(1) -> β-D   (O[C@H]([C@H](O1)CO)[C@H](O)[C@@H](NC(=O)C)[C@@H]1O)
    Stem(2) -> β-D   (O[C@H]([C@H](O1)CO)[C@H](O)[C@@H](NC(=O)C)[C@@H]1O)
    Stem(3) -> β-D   (O[C@H]([C@H](O1)CO)[C@H](O)[C@@H](NC(=O)C)[C@@H]1O)
    Stem(4) -> β-D   (O[C@H]([C@H](O1)CO)[C@H](O)[C@@H](NC(=O)C)[C@@H]1O)
    Stem(5) -> β-D   (O[C@H]([C@H](O1)CO)[C@H](O)[C@@H](NC(=O)C)[C@@H]1O)
    Lateral -> β-D   (O[C@H]([C@H](O1)CO)[C@H](O)[C@@H](NC(=O)C)[C@@H]1O)
m:
    Stem(1) -> β-D   (O[C@H]([C@H](O1)CO)[C@H](O[C@H](C)C(O)=O)[C@@H](NC(=O)C)[C@@H]1O)
    Stem(2) -> β-D   (O[C@H]([C@H](O1)CO)[C@H](O[C@H](C)C(O)=O)[C@@H](NC(=O)C)[C@@H]1O)
    Stem(3) -> β-D   (O[C@H]([C@H](O1)CO)[C@H](O[C@H](C)C(O)=O)[C@@H](NC(=O)C)[C@@H]1O)
    Stem(4) -> β-D   (O[C@H]([C@H](O1)CO)[C@H](O[C@H](C)C(O)=O)[C@@H](NC(=O)C)[C@@H]1O)
    Stem(5) -> β-D   (O[C@H]([C@H](O1)CO)[C@H](O[C@H](C)C(O)=O)[C@@H](NC(=O)C)[C@@H]1O)
    Lateral -> β-D   (O[C@H]([C@H](O1)CO)[C@H](O[C@H](C)C(O)=O)[C@@H](NC(=O)C)[C@@H]1O)
