---
source: crates/muropeptide/src/smiles_database.rs
expression: dump
---
A(L): N[C@@H](C)C(=O)O
A(D): N[C@H](C)C(=O)O
B(L): N[C@@H](CCN)C(=O)O
B(D): N[C@H](CCN)C(=O)O
C(L): N[C@@H](CS)C(=O)O
C(D): N[C@H](CS)C(=O)O
D(L): N[C@@H](CC(=O)O)C(=O)O
D(D): N[C@H](CC(=O)O)C(=O)O
E(L): N[C@@H](CCC(=O)O)C(=O)O
E(D): N[C@H](CCC(=O)O)C(=O)O
E(D-iso): N[C@@H](C(=O)O)CCC(=O)O
F(L): N[C@@H](Cc1ccccc1)C(=O)O
F(D): N[C@H](Cc1ccccc1)C(=O)O
G: NCC(=O)O
H(L): N[C@@H](Cc1nc[nH]c1)C(=O)O
H(D): N[C@H](Cc1nc[nH]c1)C(=O)O
I(L): N[C@@H]([C@H](CC)C)C(=O)O
I(D): N[C@H]([C@@H](CC)C)C(=O)O
J(meso): N[C@@H](CCC[C@@H](N)C(=O)O)C(=O)O
K(L): N[C@@H](CCCCN)C(=O)O
K(D): N[C@H](CCCCN)C(=O)O
L(L): N[C@@H](CC(C)(C))C(=O)O
L(D): N[C@H](CC(C)(C))C(=O)O
M(L): N[C@@H](CCSC)C(=O)O
M(D): N[C@H](CCSC)C(=O)O
N(L): N[C@@H](CC(=O)N)C(=O)O
N(D): N[C@H](CC(=O)N)C(=O)O
O(L): N[C@@H](CCCN)C(=O)O
O(D): N[C@H](CCCN)C(=O)O
P(L): N1[C@@H](CCC1)C(=O)O
P(D): N1[C@H](CCC1)C(=O)O
Q(L): N[C@@H](CCC(=O)N)C(=O)O
Q(D): N[C@H](CCC(=O)N)C(=O)O
Q(D-iso): N[C@@H](C(=O)N)CCC(=O)O
R(L): N[C@@H](CCCNC(=N)N)C(=O)O
R(D): N[C@H](CCCNC(=N)N)C(=O)O
S(L): N[C@@H](CO)C(=O)O
S(D): N[C@H](CO)C(=O)O
T(L): N[C@@H]([C@@H](C)O)C(=O)O
T(D): N[C@H]([C@H](C)O)C(=O)O
U(L): N[C@@H](CCO)C(=O)O
U(D): N[C@H](CCO)C(=O)O
V(L): N[C@@H](C(C)C)C(=O)O
V(D): N[C@H](C(C)C)C(=O)O
W(L): N[C@@H](Cc1c2c(cccc2)nc1)C(=O)O
W(D): N[C@H](Cc1c2c(cccc2)nc1)C(=O)O
Y(L): N[C@@H](Cc1ccc(O)cc1)C(=O)O
Y(D): N[C@H](Cc1ccc(O)cc1)C(=O)O
Z(L): N[C@@H]([C@H](O)CC(=O)O)C(=O)O
Z(D): N[C@H]([C@@H](O)CC(=O)O)C(=O)O
Z(D-iso): N[C@@H](C(=O)O)[C@@H](O)CC(=O)O
g(β-D): O[C@H]([C@H](O1)CO)[C@H](O)[C@@H](NC(=O)C)[C@@H]1O
m(β-D): O[C@H]([C@H](O1)CO)[C@H](O[C@H](C)C(=O)O)[C@@H](NC(=O)C)[C@@H]1O
