---
source: crates/consolidation/src/lib.rs
expression: "load_replicates(&REPLICATES).and_then(|ReplicateFrame(_, df)|\ninto_csv(df)).unwrap()"
---
Structure,Consolidated Intensity,Consolidated RT (min),Consolidated Theo (Da),Consolidated Delta (ppm),Replicate
gm|0,31944113.0,3.61,498.2061,-2.7,1
gm (Anh)|0,2077721.0,9.55,478.1799,-2.5,1
gm-gm|0,911535.0,10.07,976.386,-1.9,1
gm-gm (Anh)|0,198699.0,6.8,956.3598,-5.3,1
gm-AEJA|1,180156373.0,9.98,941.4077,-2.9,1
gm-AEJ|1,74594397.0,6.55,870.3706,-2.8,1
gm-AEJK|1,31297651.0,8.28,998.4656,-2.9,1
gm-AE|1,16500510.0,9.51,698.2858,-3.1,1
gm-AEJ (Anh)|1,5358618.0,13.97,850.3444,-2.2,1
gm-AEJA (Anh)|1,4368964.0,16.54,921.3815,-2.2,1
gm-AEJG|1,3972772.0,7.78,927.3921,-2.5,1
gm-A|1,2430860.0,7.97,569.2432,-2.3,1
"gm-AEJQ|1,   gm-AEJAG|1",1322657.0,9.38,998.4292,-3.1,1
gm-AEJAK|1,681181.0,9.4,1069.5027,-3.2,1
gm-AEJK (Anh)|1,670227.0,14.39,978.4394,-2.1,1
gm-AE (Anh)|1,601632.0,17.43,678.2596,-2.8,1
gm-AEJN|1,544988.0,5.89,984.4135,-2.7,1
gm-AEJF|1,533134.0,20.96,1017.439,-2.8,1
gm-AEJAA|1,443919.0,11.32,1012.4448,-2.5,1
gm-AEJAN|1,367394.0,8.21,1055.4506,-1.9,1
gm-AEJAT|1,349023.0,8.36,1042.4554,1.7,1
gm-AEJT|1,307779.0,8.39,971.4183,-2.4,1
gm-AEJS|1,273284.0,6.78,957.4026,-3.3,1
gm-A (Anh)|1,162889.0,16.71,549.217,-2.4,1
gm-AEJH|1,118358.0,5.68,1007.4295,-2.7,1
gm-AEJAH|1,109228.0,7.91,1078.4666,-2.7,1
"gm-AEJAA=gm-AEJ|2,   gm-AEJA=gm-AEJA|2",105836569.0,16.03,1864.8046,-2.2,1
"gm-AEJA=gm-AEJ|2,   gm-AEJ=gm-AEJA|2",22020529.0,15.08,1793.7675,-2.3,1
"gm-AEJK=gm-AEJA|2,   gm-AEJAK=gm-AEJ|2",7584787.0,14.48,1921.8625,-2.4,1
"gm-AEJAA=gm-AEJ (Anh)|2,   gm-AEJA=gm-AEJA (Anh)|2",7202583.0,20.57,1844.7784,-2.4,1
"gm-AEJ=gm-AEJ|2,   gm-AEJAT=gm-AE|2",4164790.0,14.22,1722.7304,-3.0,1
"gm-AEJA=gm-AEJ (Anh)|2,   gm-AEJ=gm-AEJA (Anh)|2",3191122.0,19.68,1773.7413,-1.9,1
"gm-AEJQ=gm-AEJ|2,   gm-AEJG=gm-AEJA|2,   gm-AEJAG=gm-AEJ|2",2888709.0,14.67,1850.789,-2.4,1
"gm-AEJ=gm-AEJ (Anh)|2,   gm-AEJAT=gm-AE (Anh)|2",1271074.0,18.77,1702.7042,-4.1,1
"gm-AEJQ=gm-AEJA|2,   gm-AEJAG=gm-AEJA|2",1129627.0,15.33,1921.8261,-2.7,1
gm-AEJK=gm-AEJ|2,1049929.0,13.79,1850.8254,-2.4,1
"gm-AEJK=gm-AEJA (Anh)|2,   gm-AEJAK=gm-AEJ (Anh)|2",759058.0,18.64,1901.8363,-1.9,1
gm-AEJS=gm-AEJA (Anh)|2,691174.0,18.94,1860.7733,-0.7,1
gm-AEJAA=gm-AEJA|2,631527.0,16.55,1935.8417,-1.7,1
gm-AEJAK=gm-AEJA|2,615586.0,14.05,1992.8996,-2.3,1
gm-AEJAN=gm-AEJA|2,514554.0,14.65,1978.8475,-2.6,1
gm-AEJS=gm-AEJA|2,512615.0,14.61,1880.7995,-3.2,1
gm-AEJG=gm-AEJ|2,385624.0,13.9,1779.7519,-2.9,1
"gm-AEJN=gm-AEJA|2,   gm-AEJAN=gm-AEJ|2",345605.0,13.88,1907.8104,-2.8,1
gm-AEJS=gm-AEJ (Anh)|2,324881.0,18.08,1789.7362,-2.0,1
gm-AEJK=gm-AEJ (Anh)|2,273935.0,17.85,1830.7992,-1.7,1
"gm-AEJQ=gm-AEJ (Anh)|2,   gm-AEJG=gm-AEJA (Anh)|2,   gm-AEJAG=gm-AEJ (Anh)|2",175800.0,19.13,1830.7628,-0.3,1
"gm-AEJQ=gm-AEJA (Anh)|2,   gm-AEJAG=gm-AEJA (Anh)|2",168161.0,19.75,1901.7999,-2.8,1
gm-AEJF=gm-AEJA|2,151324.0,24.38,1940.8359,-1.3,1
gm-AEJAA=gm-AEJA (Anh)|2,113937.0,21.18,1915.8155,-1.3,1
"gm-AEJH=gm-AEJA|2,   gm-AEJAH=gm-AEJ|2",69066.0,13.4,1930.8264,-2.1,1
gm-AEJS=gm-AEJ|2,67851.0,13.55,1809.7624,-0.3,1
gm-AEJAK=gm-AEJA (Anh)|2,43008.0,18.16,1972.8734,-4.2,1
"gm-AEJN=gm-AEJA (Anh)|2,   gm-AEJAN=gm-AEJ (Anh)|2",41116.0,18.26,1887.7842,-1.2,1
gm-AEJN=gm-AEJ|2,38643.0,13.22,1836.7733,-2.8,1
gm-AEJF=gm-AEJ|2,34087.0,23.79,1869.7988,1.4,1
gm-AEJAT=gm-AEJA|2,33480.0,15.88,1965.8523,-0.6,1
"gm-AEJAA=gm-AEJ=gm-AEJA|3,   gm-AEJA=gm-AEJA=gm-AEJA|3",16268983.0,18.86,2788.2015,-3.6,1
"gm-AEJAA=gm-AEJ=gm-AEJ|3,   gm-AEJA=gm-AEJ=gm-AEJA|3,   gm-AEJ=gm-AEJA=gm-AEJA|3",3253771.0,17.94,2717.1644,-2.7,1
"gm-AEJAA=gm-AEJ=gm-AEJA (Anh)|3,   gm-AEJA=gm-AEJA=gm-AEJA (Anh)|3",2054169.0,22.37,2768.1753,-2.6,1
"gm-AEJAA=gm-AEJ=gm-AEJ (Anh)|3,   gm-AEJA=gm-AEJ=gm-AEJA (Anh)|3,   gm-AEJ=gm-AEJA=gm-AEJA (Anh)|3",977802.0,21.6,2697.1382,-1.9,1
"gm-AEJK=gm-AEJA=gm-AEJA|3,   gm-AEJAK=gm-AEJ=gm-AEJA|3",565615.0,17.41,2845.2594,-2.3,1
"gm-AEJQ=gm-AEJ=gm-AEJA|3,   gm-AEJG=gm-AEJA=gm-AEJA|3,   gm-AEJAG=gm-AEJ=gm-AEJA|3",350259.0,17.72,2774.1859,-1.5,1
"gm-AEJA=gm-AEJ=gm-AEJ|3,   gm-AEJ=gm-AEJ=gm-AEJA|3",281942.0,17.45,2646.1273,-2.3,1
"gm-AEJK=gm-AEJA=gm-AEJA (Anh)|3,   gm-AEJAK=gm-AEJ=gm-AEJA (Anh)|3",226903.0,20.79,2825.2332,-2.2,1
"gm-AEJA=gm-AEJ=gm-AEJ (Anh)|3,   gm-AEJ=gm-AEJ=gm-AEJA (Anh)|3",201138.0,21.15,2626.1011,-2.4,1
"gm-AEJQ=gm-AEJA=gm-AEJA|3,   gm-AEJAG=gm-AEJA=gm-AEJA|3",181581.0,18.23,2845.223,-2.2,1
gm-AEJAA=gm-AEJA=gm-AEJA|3,119064.0,19.24,2859.2386,-0.5,1
"gm-AEJQ=gm-AEJ=gm-AEJA (Anh)|3,   gm-AEJG=gm-AEJA=gm-AEJA (Anh)|3,   gm-AEJAG=gm-AEJ=gm-AEJA (Anh)|3",104983.0,21.19,2754.1597,-1.5,1
"gm-AEJQ=gm-AEJ=gm-AEJ|3,   gm-AEJG=gm-AEJ=gm-AEJA|3,   gm-AEJAG=gm-AEJ=gm-AEJ|3",85854.0,17.18,2703.1488,-2.0,1
"gm-AEJQ=gm-AEJA=gm-AEJA (Anh)|3,   gm-AEJAG=gm-AEJA=gm-AEJA (Anh)|3",74611.0,21.76,2825.1968,-1.9,1
"gm-AEJK=gm-AEJ=gm-AEJA|3,   gm-AEJAK=gm-AEJ=gm-AEJ|3",71676.0,16.95,2774.2223,-0.9,1
gm-AEJAN=gm-AEJA=gm-AEJA|3,68147.0,17.65,2902.2444,-2.2,1
gm|0,14158755.0,3.62,498.2061,-2.2,2
gm-gm|0,5689163.0,10.12,976.386,-2.8,2
gm (Anh)|0,1225341.0,5.5,478.1799,-1.9,2
gm-AEJA|1,155495246.0,10.06,941.4077,-3.1,2
gm-AEJ|1,56436454.0,6.57,870.3706,-2.5,2
gm-AEJK|1,22852779.0,8.38,998.4656,-2.3,2
gm-AE|1,10932398.0,9.59,698.2858,-3.3,2
gm-AEJ (Anh)|1,4598678.0,13.99,850.3444,-2.1,2
gm-AEJA (Anh)|1,4296720.0,16.56,921.3815,-2.2,2
gm-AEJG|1,2570038.0,7.88,927.3921,-2.3,2
gm-A|1,2383796.0,8.04,569.2432,-2.2,2
"gm-AEJQ|1,   gm-AEJAG|1",880794.0,9.47,998.4292,-3.1,2
gm-AEJK (Anh)|1,633717.0,14.41,978.4394,-2.5,2
gm-AEJAK|1,566144.0,9.5,1069.5027,-3.5,2
gm-AE (Anh)|1,482915.0,17.46,678.2596,-2.8,2
gm-AEJN|1,420217.0,5.91,984.4135,-2.3,2
gm-AEJF|1,403697.0,20.97,1017.439,-1.7,2
gm-AEJAA|1,230707.0,11.41,1012.4448,-2.1,2
gm-AEJAN|1,225329.0,8.3,1055.4506,-2.5,2
gm-AEJT|1,218104.0,8.49,971.4183,-2.1,2
gm-AEJS|1,171396.0,6.79,957.4026,-3.3,2
gm-A (Anh)|1,157011.0,16.73,549.217,-2.7,2
gm-AEJAT|1,153278.0,4.85,1042.4554,-2.4,2
gm-AEJAH|1,85717.0,8.01,1078.4666,-2.0,2
gm-AEJH|1,72870.0,5.71,1007.4295,-2.6,2
gm-AEJV|1,37116.0,15.12,969.439,-3.0,2
"gm-AEJAA=gm-AEJ|2,   gm-AEJA=gm-AEJA|2",85352267.0,16.02,1864.8046,-2.0,2
"gm-AEJA=gm-AEJ|2,   gm-AEJ=gm-AEJA|2",13139810.0,15.11,1793.7675,-2.5,2
"gm-AEJAA=gm-AEJ (Anh)|2,   gm-AEJA=gm-AEJA (Anh)|2",5472178.0,20.56,1844.7784,-2.4,2
"gm-AEJK=gm-AEJA|2,   gm-AEJAK=gm-AEJ|2",5374634.0,14.5,1921.8625,-3.2,2
"gm-AEJ=gm-AEJ|2,   gm-AEJAT=gm-AE|2",2649984.0,14.23,1722.7304,-2.9,2
"gm-AEJA=gm-AEJ (Anh)|2,   gm-AEJ=gm-AEJA (Anh)|2",2083631.0,19.65,1773.7413,-2.2,2
"gm-AEJQ=gm-AEJ|2,   gm-AEJG=gm-AEJA|2,   gm-AEJAG=gm-AEJ|2",1873882.0,14.69,1850.789,-2.3,2
gm-AEJS=gm-AEJA (Anh)|2,1296040.0,18.46,1860.7733,-2.0,2
"gm-AEJQ=gm-AEJA|2,   gm-AEJAG=gm-AEJA|2",890576.0,15.35,1921.8261,-2.1,2
"gm-AEJ=gm-AEJ (Anh)|2,   gm-AEJAT=gm-AE (Anh)|2",840801.0,18.79,1702.7042,-5.3,2
gm-AEJK=gm-AEJ|2,686284.0,13.79,1850.8254,-2.5,2
"gm-AEJK=gm-AEJA (Anh)|2,   gm-AEJAK=gm-AEJ (Anh)|2",574312.0,18.67,1901.8363,-2.2,2
gm-AEJAA=gm-AEJA|2,440573.0,16.55,1935.8417,-2.9,2
gm-AEJAK=gm-AEJA|2,435780.0,14.04,1992.8996,-2.2,2
gm-AEJS=gm-AEJA|2,383081.0,14.64,1880.7995,-2.2,2
gm-AEJAN=gm-AEJA|2,358341.0,14.67,1978.8475,-2.8,2
gm-AEJG=gm-AEJ|2,261702.0,13.91,1779.7519,-2.5,2
"gm-AEJN=gm-AEJA|2,   gm-AEJAN=gm-AEJ|2",244727.0,13.89,1907.8104,-2.2,2
gm-AEJK=gm-AEJ (Anh)|2,207632.0,17.87,1830.7992,-0.8,2
"gm-AEJQ=gm-AEJ (Anh)|2,   gm-AEJG=gm-AEJA (Anh)|2,   gm-AEJAG=gm-AEJ (Anh)|2",126144.0,19.12,1830.7628,-1.8,2
"gm-AEJQ=gm-AEJA (Anh)|2,   gm-AEJAG=gm-AEJA (Anh)|2",118403.0,19.72,1901.7999,-2.2,2
gm-AEJF=gm-AEJA|2,97109.0,24.38,1940.8359,-1.3,2
gm-AEJAA=gm-AEJA (Anh)|2,86431.0,21.18,1915.8155,-1.6,2
"gm-AEJH=gm-AEJA|2,   gm-AEJAH=gm-AEJ|2",44315.0,13.41,1930.8264,-2.8,2
gm-AEJN=gm-AEJ|2,28073.0,13.24,1836.7733,-2.8,2
"gm-AEJAA=gm-AEJ=gm-AEJA|3,   gm-AEJA=gm-AEJA=gm-AEJA|3",9277698.0,18.87,2788.2015,-3.8,2
"gm-AEJAA=gm-AEJ=gm-AEJ|3,   gm-AEJA=gm-AEJ=gm-AEJA|3,   gm-AEJ=gm-AEJA=gm-AEJA|3",2169690.0,18.39,2717.1644,-2.0,2
"gm-AEJAA=gm-AEJ=gm-AEJA (Anh)|3,   gm-AEJA=gm-AEJA=gm-AEJA (Anh)|3",1132610.0,22.39,2768.1753,-2.1,2
"gm-AEJAA=gm-AEJ=gm-AEJ (Anh)|3,   gm-AEJA=gm-AEJ=gm-AEJA (Anh)|3,   gm-AEJ=gm-AEJA=gm-AEJA (Anh)|3",685660.0,21.58,2697.1382,-1.5,2
"gm-AEJK=gm-AEJA=gm-AEJA|3,   gm-AEJAK=gm-AEJ=gm-AEJA|3",333994.0,17.43,2845.2594,-2.1,2
"gm-AEJK=gm-AEJA=gm-AEJA (Anh)|3,   gm-AEJAK=gm-AEJ=gm-AEJA (Anh)|3",266015.0,20.71,2825.2332,-0.9,2
"gm-AEJQ=gm-AEJ=gm-AEJA|3,   gm-AEJG=gm-AEJA=gm-AEJA|3,   gm-AEJAG=gm-AEJ=gm-AEJA|3",208093.0,17.74,2774.1859,-1.1,2
"gm-AEJA=gm-AEJ=gm-AEJ (Anh)|3,   gm-AEJ=gm-AEJ=gm-AEJA (Anh)|3",162098.0,21.18,2626.1011,-1.6,2
"gm-AEJA=gm-AEJ=gm-AEJ|3,   gm-AEJ=gm-AEJ=gm-AEJA|3",155367.0,17.46,2646.1273,-1.1,2
"gm-AEJQ=gm-AEJA=gm-AEJA|3,   gm-AEJAG=gm-AEJA=gm-AEJA|3",128442.0,18.26,2845.223,-1.9,2
gm-AEJAA=gm-AEJA=gm-AEJA|3,66403.0,19.22,2859.2386,-2.1,2
"gm-AEJK=gm-AEJ=gm-AEJA|3,   gm-AEJAK=gm-AEJ=gm-AEJ|3",57027.0,16.95,2774.2223,-1.7,2
"gm-AEJQ=gm-AEJ=gm-AEJA (Anh)|3,   gm-AEJG=gm-AEJA=gm-AEJA (Anh)|3,   gm-AEJAG=gm-AEJ=gm-AEJA (Anh)|3",36379.0,21.22,2754.1597,-0.8,2
gm|0,19002675.0,3.62,498.2061,-2.6,3
gm-gm|0,1723056.0,10.14,976.386,-2.0,3
gm (Anh)|0,1320874.0,9.57,478.1799,-4.4,3
gm-AEJA|1,137622224.0,10.08,941.4077,-2.4,3
gm-AEJ|1,46379829.0,6.58,870.3706,-3.5,3
gm-AEJK|1,21844338.0,8.42,998.4656,-3.0,3
gm-AE|1,7737109.0,9.61,698.2858,-3.0,3
gm-A|1,3619062.0,8.07,569.2432,-2.6,3
gm-AEJ (Anh)|1,3039575.0,14.0,850.3444,-2.4,3
gm-AEJA (Anh)|1,2466850.0,16.54,921.3815,-1.6,3
gm-AEJG|1,2223717.0,7.91,927.3921,-2.4,3
"gm-AEJQ|1,   gm-AEJAG|1",730417.0,9.5,998.4292,-3.2,3
gm-AEJAK|1,601392.0,9.53,1069.5027,-3.2,3
gm-AEJK (Anh)|1,457639.0,14.4,978.4394,-3.2,3
gm-AEJN|1,337171.0,5.92,984.4135,-2.9,3
gm-AEJF|1,265131.0,20.95,1017.439,-2.2,3
gm-AE (Anh)|1,261507.0,17.44,678.2596,-2.7,3
gm-AEJAN|1,247256.0,8.34,1055.4506,-3.2,3
gm-AEJAA|1,208427.0,11.4,1012.4448,-2.4,3
gm-AEJT|1,201139.0,8.52,971.4183,-2.9,3
gm-A (Anh)|1,198924.0,16.71,549.217,-2.2,3
gm-AEJS|1,151459.0,6.81,957.4026,-3.2,3
gm-AEJH|1,148530.0,5.67,1007.4295,-2.4,3
gm-AEJAT|1,108624.0,4.85,1042.4554,-2.6,3
"gm-AEJAA=gm-AEJ|2,   gm-AEJA=gm-AEJA|2",79001487.0,15.99,1864.8046,-2.6,3
"gm-AEJA=gm-AEJ|2,   gm-AEJ=gm-AEJA|2",11770579.0,15.06,1793.7675,-3.0,3
"gm-AEJK=gm-AEJA|2,   gm-AEJAK=gm-AEJ|2",5116528.0,14.48,1921.8625,-2.5,3
"gm-AEJAA=gm-AEJ (Anh)|2,   gm-AEJA=gm-AEJA (Anh)|2",4292906.0,20.55,1844.7784,-2.4,3
"gm-AEJ=gm-AEJ|2,   gm-AEJAT=gm-AE|2",2151119.0,14.23,1722.7304,-3.2,3
"gm-AEJA=gm-AEJ (Anh)|2,   gm-AEJ=gm-AEJA (Anh)|2",2140978.0,19.64,1773.7413,-2.1,3
"gm-AEJQ=gm-AEJ|2,   gm-AEJG=gm-AEJA|2,   gm-AEJAG=gm-AEJ|2",1701092.0,14.66,1850.789,-2.6,3
"gm-AEJK=gm-AEJA (Anh)|2,   gm-AEJAK=gm-AEJ (Anh)|2",996905.0,18.73,1901.8363,-2.3,3
"gm-AEJQ=gm-AEJA|2,   gm-AEJAG=gm-AEJA|2",720451.0,15.31,1921.8261,-1.8,3
"gm-AEJ=gm-AEJ (Anh)|2,   gm-AEJAT=gm-AE (Anh)|2",633540.0,18.76,1702.7042,-4.1,3
gm-AEJK=gm-AEJ|2,578244.0,13.81,1850.8254,-2.3,3
gm-AEJAA=gm-AEJA|2,392650.0,16.52,1935.8417,-1.8,3
gm-AEJAK=gm-AEJA|2,384364.0,14.06,1992.8996,-2.1,3
gm-AEJS=gm-AEJA|2,350121.0,14.62,1880.7995,-2.4,3
gm-AEJAN=gm-AEJA|2,312938.0,14.64,1978.8475,-3.1,3
gm-AEJG=gm-AEJ|2,216452.0,13.92,1779.7519,-2.8,3
"gm-AEJN=gm-AEJA|2,   gm-AEJAN=gm-AEJ|2",214016.0,13.91,1907.8104,-2.6,3
gm-AEJK=gm-AEJ (Anh)|2,200763.0,18.09,1830.7992,-1.8,3
"gm-AEJQ=gm-AEJ (Anh)|2,   gm-AEJG=gm-AEJA (Anh)|2,   gm-AEJAG=gm-AEJ (Anh)|2",98832.0,19.12,1830.7628,-0.3,3
gm-AEJAA=gm-AEJA (Anh)|2,95253.0,21.14,1915.8155,-2.5,3
"gm-AEJQ=gm-AEJA (Anh)|2,   gm-AEJAG=gm-AEJA (Anh)|2",85583.0,19.73,1901.7999,-1.2,3
gm-AEJF=gm-AEJA|2,83854.0,24.38,1940.8359,-1.6,3
gm-AEJAT=gm-AEJA|2,34903.0,15.85,1965.8523,-3.2,3
gm-AEJH=gm-AEJA|2,34702.0,13.43,1930.8264,-2.0,3
"gm-AEJAA=gm-AEJ=gm-AEJA|3,   gm-AEJA=gm-AEJA=gm-AEJA|3",8132646.0,18.85,2788.2015,-3.2,3
"gm-AEJAA=gm-AEJ=gm-AEJ|3,   gm-AEJA=gm-AEJ=gm-AEJA|3,   gm-AEJ=gm-AEJA=gm-AEJA|3",1741631.0,18.37,2717.1644,-1.9,3
"gm-AEJAA=gm-AEJ=gm-AEJA (Anh)|3,   gm-AEJA=gm-AEJA=gm-AEJA (Anh)|3",1121176.0,22.41,2768.1753,-2.1,3
"gm-AEJAA=gm-AEJ=gm-AEJ (Anh)|3,   gm-AEJA=gm-AEJ=gm-AEJA (Anh)|3,   gm-AEJ=gm-AEJA=gm-AEJA (Anh)|3",604518.0,21.63,2697.1382,-2.0,3
"gm-AEJK=gm-AEJA=gm-AEJA|3,   gm-AEJAK=gm-AEJ=gm-AEJA|3",349719.0,17.4,2845.2594,-2.3,3
"gm-AEJQ=gm-AEJ=gm-AEJA|3,   gm-AEJG=gm-AEJA=gm-AEJA|3,   gm-AEJAG=gm-AEJ=gm-AEJA|3",190947.0,17.71,2774.1859,-1.5,3
"gm-AEJK=gm-AEJA=gm-AEJA (Anh)|3,   gm-AEJAK=gm-AEJ=gm-AEJA (Anh)|3",167093.0,20.77,2825.2332,-2.0,3
"gm-AEJA=gm-AEJ=gm-AEJ (Anh)|3,   gm-AEJ=gm-AEJ=gm-AEJA (Anh)|3",128863.0,21.16,2626.1011,-1.7,3
"gm-AEJA=gm-AEJ=gm-AEJ|3,   gm-AEJ=gm-AEJ=gm-AEJA|3",127311.0,17.44,2646.1273,-1.8,3
"gm-AEJQ=gm-AEJA=gm-AEJA|3,   gm-AEJAG=gm-AEJA=gm-AEJA|3",107984.0,18.25,2845.223,-1.8,3
"gm-AEJK=gm-AEJ=gm-AEJA|3,   gm-AEJAK=gm-AEJ=gm-AEJ|3",42901.0,16.92,2774.2223,-2.5,3
"gm-AEJQ=gm-AEJA=gm-AEJA (Anh)|3,   gm-AEJAG=gm-AEJA=gm-AEJA (Anh)|3",36716.0,21.78,2825.1968,-3.6,3
gm-AEJS=gm-AEJA=gm-AEJA|3,36440.0,17.83,2804.1964,-1.7,3
